// Jest Snapshot v1, https://goo.gl/fbAQLP

exports[`Sims7RedirectionsPage matches snapshot 1`] = `
<DocumentFragment>
  <div
    class="invite-user-container admin-mobile-rwaf92428 admin-console-grid-invite-users sims7-redirections"
  >
    <div
      class="new-side-panel-invite-users"
    >
      <div
        data-focus-guard="true"
        style="width: 1px; height: 0px; padding: 0px; overflow: hidden; position: fixed; top: 1px; left: 1px;"
        tabindex="0"
      />
      <div
        data-focus-lock-disabled="false"
      >
        <div
          data-testid="test-id"
          role="presentation"
          tabindex="-1"
        >
          <div
            class="essui-grid-nested-container essui-grid-row essui-grid-row-justify-flex-start essui-side-navigation-panel essui-overlay"
          >
            <div
              class="essui-grid-col essui-side-navigation-panel-container-grid-item"
              id="localised-menu-id"
              style="height: 100vh;"
            >
              <div
                class="essui-side-navigation-panel-header"
                data-testid="side-navigation-panel-header"
              >
                <div>
                  <button
                    aria-describedby="button-ariadescribedby"
                    aria-label="side-navigation-panel-close-button"
                    aria-labelledby="button-arialabelby"
                    class="essui-button essui-button--tertiary essui-button-icon-only--small essui-dialog__button-close"
                    data-testid="side-navigation-panel-close-button"
                    id="side-navigation-panel-close-button"
                    title="close"
                    type="button"
                  >
                    <svg
                      aria-hidden="true"
                      class="essui-icon essui-icon--primary-500 essui-icon--24"
                      data-testid="button-icon"
                      height="24"
                      width="24"
                    >
                      <use
                        x="0"
                        xlink:href="/assets/images/spritemap.svg#sprite-close"
                        y="0"
                      />
                    </svg>
                  </button>
                </div>
                <div
                  class="essui-side-navigation-panel-heading"
                >
                  <span
                    class="essui-global-typography-default-body-bold"
                  >
                    Admin Console
                  </span>
                </div>
              </div>
              <div
                class="loader-container"
              >
                <div
                  class="essui-loader"
                  data-testid="loader-circular"
                  id="loader-circular"
                >
                  <div
                    class="essui-loader-img essui-loader-spin"
                  >
                    <svg
                      aria-hidden="true"
                      class="essui-icon essui-icon--primary-50 essui-icon--undefined essui-loader-svg"
                      data-testid="loader-arc"
                      height="24"
                      width="24"
                    >
                      <use
                        x="0"
                        xlink:href="/assets/images/spritemap.svg#sprite-loader-arc"
                        y="0"
                      />
                    </svg>
                    <svg
                      aria-hidden="true"
                      class="essui-icon essui-icon--primary-500 essui-icon--undefined essui-loader-svg"
                      data-testid="loader-cir"
                      height="24"
                      width="24"
                    >
                      <use
                        x="0"
                        xlink:href="/assets/images/spritemap.svg#sprite-loader-circle"
                        y="0"
                      />
                    </svg>
                  </div>
                  <div
                    class="essui-loader-text-container"
                  />
                </div>
              </div>
            </div>
          </div>
        </div>
      </div>
      <div
        data-focus-guard="true"
        style="width: 1px; height: 0px; padding: 0px; overflow: hidden; position: fixed; top: 1px; left: 1px;"
        tabindex="0"
      />
    </div>
    <div
      class="new-main-panel-invite-users"
    >
      <div
        class="flex-row"
      >
        <div
          class="invite-users-breadcrumb"
        >
          <section
            data-test-id="breadcrumb-test-id"
            id="breadcrumbs-wrapper"
          >
            <span
              class="home-icon"
            >
              <svg
                aria-hidden="true"
                class="essui-icon essui-icon--neutral-600 essui-icon--16"
                height="16"
                width="16"
              >
                <use
                  x="0"
                  xlink:href="/assets/images/spritemap.svg#sprite-home"
                  y="0"
                />
              </svg>
            </span>
            <a
              class="home-link"
              href="/"
            >
              homePage.appTitle
            </a>
            <svg
              aria-hidden="true"
              class="essui-icon essui-icon--neutral-600 essui-icon--16"
              height="16"
              width="16"
            >
              <use
                x="0"
                xlink:href="/assets/images/spritemap.svg#sprite-chevron--right"
                y="0"
              />
            </svg>
            <span>
              <span
                class="link-normal"
                role="presentation"
              >
                breadcrumbsadminconsole
              </span>
              <svg
                aria-hidden="true"
                class="essui-icon essui-icon--neutral-600 essui-icon--16"
                height="16"
                width="16"
              >
                <use
                  x="0"
                  xlink:href="/assets/images/spritemap.svg#sprite-chevron--right"
                  y="0"
                />
              </svg>
            </span>
            <span>
              <span
                class="link-bold"
                role="presentation"
              >
                SIMS7Redirects.title
              </span>
              <span>
                 
              </span>
            </span>
          </section>
        </div>
      </div>
      <div
        class="essui-grid-nested-container essui-grid-row"
      >
        <div
          class="essui-grid-col essui-grid-col--sm-12 essui-grid-col--md-12 essui-grid-col--lg-12"
        />
      </div>
      <div>
        <div>
          <div
            class="essui-grid-nested-container essui-grid-row"
          >
            <div
              class="essui-grid-col essui-grid-col--sm-12 essui-grid-col--md-12 essui-grid-col--lg-6"
            >
              <div
                class="heading-title heading-font"
                id="heading-titleid"
              >
                SIMS7Redirects.title
              </div>
            </div>
          </div>
          <div
            class="essui-grid-nested-container essui-grid-row"
          >
            <div
              class="essui-grid-col essui-grid-col--sm-12 essui-grid-col--md-12 essui-grid-col--lg-11"
            >
              <div
                class="heading-title subheading-font subheading-class-with-second-subheading"
                id="subheading-titleid"
              >
                SIMS7Redirects.subTitle
              </div>
              <div
                class="second-subheading-with-link"
              >
                <a
                  href="https://example.com"
                  rel="noopener noreferrer"
                  target="_blank"
                >
                  SIMS7Redirects.secondSubheadingwithLink
                </a>
              </div>
            </div>
          </div>
        </div>
      </div>
      <div
        class="filter-tool-view "
      >
        <div
          class="essui-grid-container essui-grid-row filter-tool-grid-container"
          data-testid="filter-id"
          id="filtertool-id"
        >
          <div
            class="essui-grid-col essui-grid-col--sm-12 essui-grid-col--md-5 essui-grid-col--lg-5 clc-p0 search hide-auto-suggest"
          >
            <section
              class="with-suggestions"
              data-testid="search-data"
              id="search-autocomplete"
            >
              <label
                class="essui-form-label"
                for="search-form-label-text"
              />
              <div
                class="heading-text"
              >
                SIMS7Redirects.searchHeadingText
              </div>
              <div
                class="input-wrapper"
              >
                <div>
                  <div
                    class="essui-textinput-container"
                  >
                    <input
                      aria-invalid="false"
                      aria-label="controlled-list-search-tag"
                      autocomplete="off"
                      class="search-input essui-textinput essui-textinput--large essui-textinput--large-with-icon"
                      data-testid="search-autocomplete-input"
                      type="text"
                      value=""
                    />
                    <svg
                      aria-hidden="true"
                      class="essui-icon essui-icon--neutral-800 essui-icon--24 essui-textinput__left-icon essui-textinput__left-icon--large"
                      data-testid="search-autocomplete-input-icon"
                      height="24"
                      id="undefined-icon"
                      width="24"
                    >
                      <use
                        x="0"
                        xlink:href="/assets/images/spritemap.svg#sprite-search"
                        y="0"
                      />
                    </svg>
                  </div>
                  <div
                    class="essui-textinput__count-max"
                  >
                    0/undefined
                  </div>
                  <div
                    class="essui-validation-text hidden"
                    role="alert"
                  />
                </div>
                <div
                  class="icon-container position-right"
                />
              </div>
            </section>
          </div>
          <div
            class="essui-grid-col essui-grid-col--sm-4 essui-grid-col--md-2 essui-grid-col--lg-2 dropdown clc-p0"
          >
            <div
              class="notification-controls"
            >
              <button
                aria-describedby="button-ariadescribedby"
                aria-labelledby="button-arialabelby"
                class="essui-button essui-button--utility essui-button--small base-class"
                data-testid="filter"
                type="button"
              >
                Filter
                <svg
                  aria-hidden="true"
                  class="essui-icon essui-icon--neutral-800 essui-icon--24 essui-button__right-icon"
                  data-testid="button-icon"
                  height="24"
                  width="24"
                >
                  <use
                    x="0"
                    xlink:href="/assets/images/spritemap.svg#sprite-filter"
                    y="0"
                  />
                </svg>
              </button>
            </div>
          </div>
          <div
            class="essui-grid-col essui-grid-col--sm-4 essui-grid-col--md-6 essui-grid-col--lg clc-p0 edit-selected-third-element"
          >
            <div
              class="edit-selected-btn"
            />
          </div>
        </div>
      </div>
      <div
        class="essui-table-wrapper controlled-list-table table-border-btm-radius"
      >
        <div
          class="dynamic-table"
        >
          <div
            class="dynamic-table-scrollable"
          >
            <table
              class="essui-table"
              data-testid="dynamicTable-data-testid"
            >
              <thead
                class="essui-table__head"
              >
                <tr
                  class="essui-table__row"
                  style="background-color: rgb(247, 247, 247);"
                >
                  <th
                    class="essui-table__cell essui-table__cell--header essui-table__cell-undefined"
                    id="Category"
                  >
                    <div
                      class="sorting-column-flex
         "
                      data-testid="columnheader"
                    >
                      Category
                      <svg
                        aria-hidden="true"
                        class="essui-icon essui-icon--neutral-900 essui-icon--16 sort-icon-arrows"
                        height="16"
                        width="16"
                      >
                        <use
                          x="0"
                          xlink:href="/assets/images/spritemap.svg#sprite-arrows--vertical"
                          y="0"
                        />
                      </svg>
                    </div>
                  </th>
                  <th
                    class="essui-table__cell essui-table__cell--header essui-table__cell-undefined"
                    id="Next Gen module"
                  >
                    <div
                      class="sorting-column-flex
         "
                      data-testid="columnheader"
                    >
                      Next Gen module
                      <svg
                        aria-hidden="true"
                        class="essui-icon essui-icon--neutral-900 essui-icon--16 sort-icon-arrows"
                        height="16"
                        width="16"
                      >
                        <use
                          x="0"
                          xlink:href="/assets/images/spritemap.svg#sprite-arrows--vertical"
                          y="0"
                        />
                      </svg>
                    </div>
                  </th>
                  <th
                    class="essui-table__cell essui-table__cell--header essui-table__cell-undefined"
                    id="SIMS 7 module"
                  >
                    <div
                      class="sorting-column-flex
         "
                      data-testid="columnheader"
                    >
                      SIMS 7 module
                      <svg
                        aria-hidden="true"
                        class="essui-icon essui-icon--neutral-900 essui-icon--16 sort-icon-arrows"
                        height="16"
                        width="16"
                      >
                        <use
                          x="0"
                          xlink:href="/assets/images/spritemap.svg#sprite-arrows--vertical"
                          y="0"
                        />
                      </svg>
                    </div>
                  </th>
                  <th
                    class="essui-table__cell essui-table__cell--header essui-table__cell-undefined"
                    id="Modified by"
                  >
                    <div
                      class="sorting-column-flex
         "
                      data-testid="columnheader"
                    >
                      Modified by
                      <svg
                        aria-hidden="true"
                        class="essui-icon essui-icon--neutral-900 essui-icon--16 sort-icon-arrows"
                        height="16"
                        width="16"
                      >
                        <use
                          x="0"
                          xlink:href="/assets/images/spritemap.svg#sprite-arrows--vertical"
                          y="0"
                        />
                      </svg>
                    </div>
                  </th>
                  <th
                    class="essui-table__cell essui-table__cell--header essui-table__cell-undefined"
                    id="Effective date"
                  >
                    <div
                      class="sorting-column-flex
         "
                      data-testid="columnheader"
                    >
                      Effective date
                      <svg
                        aria-hidden="true"
                        class="essui-icon essui-icon--neutral-900 essui-icon--16 sort-icon-arrows"
                        height="16"
                        width="16"
                      >
                        <use
                          x="0"
                          xlink:href="/assets/images/spritemap.svg#sprite-arrows--vertical"
                          y="0"
                        />
                      </svg>
                    </div>
                  </th>
                  <th
                    class="essui-table__cell essui-table__cell--header essui-table__cell-undefined"
                    id="Status"
                  >
                    <div
                      class="sorting-column-flex
         "
                      data-testid="columnheader"
                    >
                      Status
                      <svg
                        aria-hidden="true"
                        class="essui-icon essui-icon--primary-500 essui-icon--16 sort-icon-arrows"
                        height="16"
                        width="16"
                      >
                        <use
                          x="0"
                          xlink:href="/assets/images/spritemap.svg#sprite-arrow--down"
                          y="0"
                        />
                      </svg>
                    </div>
                  </th>
                  <th
                    class="essui-table__cell essui-table__cell--header essui-table__cell-center"
                    id="sort-id"
                  >
                    <div
                      class="
         "
                      data-testid="columnheader"
                    />
                  </th>
                </tr>
              </thead>
              <tbody
                class="essui-table__body"
              >
                <tr
                  class="essui-table__row"
                  style="background-color: rgb(247, 247, 247);"
                >
                  <td
                    class="essui-table__cell essui-table__cell-left"
                  >
                    <span>
                      TestCat
                    </span>
                  </td>
                  <td
                    class="essui-table__cell essui-table__cell-left"
                  >
                    <span>
                      <div
                        class="customeComponent"
                      >
                        <a
                          href="https://example.com/module/TestNextGen"
                          rel="noopener noreferrer"
                          target="_blank"
                        >
                          TestNextGen
                        </a>
                      </div>
                    </span>
                  </td>
                  <td
                    class="essui-table__cell essui-table__cell-left"
                    style="max-width: 250px;"
                  >
                    <span>
                      <div
                        class="text-tag"
                        data-state="closed"
                      >
                        <div
                          class="text-container"
                        >
                          <span
                            class="text-truncate"
                            data-state="closed"
                          >
                            TestSIMS7
                          </span>
                        </div>
                      </div>
                    </span>
                  </td>
                  <td
                    class="essui-table__cell essui-table__cell-left"
                  >
                    <span>
                      TestUser
                    </span>
                  </td>
                  <td
                    class="essui-table__cell essui-table__cell-left"
                  >
                    <span>
                      18 02 2026
                    </span>
                  </td>
                  <td
                    class="essui-table__cell essui-table__cell-left"
                  >
                    <span>
                      <div
                        class="essui-tag essui-tag--outstanding essui-tag--large"
                      >
                        <span>
                          Planned
                        </span>
                      </div>
                    </span>
                  </td>
                  <td
                    class="essui-table__cell essui-table__cell-center overflow-menuTableItem"
                    style="width: 10px;"
                  >
                    <span>
                      <span
                        class="icon-tooltip-class"
                      >
                        <span
                          class="action-table-cell-bottom"
                        >
                          <button
                            aria-describedby="button-ariadescribedby"
                            aria-label="dynamic-table-overflow-menu-icon"
                            aria-labelledby="button-arialabelby"
                            class="essui-button essui-button--utility essui-button-icon-only--small"
                            data-testid="overflow-menu-icon"
                            type="button"
                          >
                            <svg
                              aria-hidden="true"
                              class="essui-icon essui-icon--neutral-800 essui-icon--24"
                              data-testid="button-icon"
                              height="24"
                              width="24"
                            >
                              <use
                                x="0"
                                xlink:href="/assets/images/spritemap.svg#sprite-overflow-menu--horizontal"
                                y="0"
                              />
                            </svg>
                          </button>
                        </span>
                      </span>
                    </span>
                  </td>
                </tr>
              </tbody>
            </table>
          </div>
        </div>
      </div>
    </div>
  </div>
</DocumentFragment>
`;
